SQLSTATE[HY093]: Invalid parameter number: number of bound variables does not match number of tokens
